../Core/Src/main.c:74:8:command_parser_fsm	8	static
../Core/Src/main.c:135:8:uart_communication_fsm	8	static
../Core/Src/main.c:161:6:HAL_TIM_PeriodElapsedCallback	16	static
../Core/Src/main.c:168:6:HAL_UART_RxCpltCallback	16	static
../Core/Src/main.c:182:5:main	8	static
../Core/Src/main.c:236:6:SystemClock_Config	88	static
../Core/Src/main.c:280:13:MX_ADC1_Init	24	static
../Core/Src/main.c:327:13:MX_TIM2_Init	32	static
../Core/Src/main.c:372:13:MX_USART2_UART_Init	8	static
../Core/Src/main.c:405:13:MX_GPIO_Init	32	static
../Core/Src/main.c:432:6:Error_Handler	4	static,ignoring_inline_asm
